[    0.000000] Initializing cgroup subsys cpuset
[    0.000000] Initializing cgroup subsys cpu
[    0.000000] Initializing cgroup subsys cpuacct
[    0.000000] Linux version 4.4.0-131-generic (buildd@lgw01-amd64-015) (gcc version 5.4.0 20160609 (Ubuntu 5.4.0-6ubuntu1~16.04.10) ) #157-Ubuntu SMP Thu Jul 12 15:51:36 UTC 2018 (Ubuntu 4.4.0-131.157-generic 4.4.134)
[    0.000000] Command line: BOOT_IMAGE=/boot/vmlinuz-4.4.0-131-generic root=LABEL=cloudimg-rootfs ro console=tty1 console=ttyS0
[    0.000000] KERNEL supported cpus:
[    0.000000]   Intel GenuineIntel
[    0.000000]   AMD AuthenticAMD
[    0.000000]   Centaur CentaurHauls
[    0.000000] x86/fpu: xstate_offset[2]:  576, xstate_sizes[2]:  256
[    0.000000] x86/fpu: Supporting XSAVE feature 0x01: 'x87 floating point registers'
[    0.000000] x86/fpu: Supporting XSAVE feature 0x02: 'SSE registers'
[    0.000000] x86/fpu: Supporting XSAVE feature 0x04: 'AVX registers'
[    0.000000] x86/fpu: Enabled xstate features 0x7, context size is 832 bytes, using 'standard' format.
[    0.000000] x86/fpu: Using 'eager' FPU context switches.
[    0.000000] e820: BIOS-provided physical RAM map:
[    0.000000] BIOS-e820: [mem 0x0000000000000000-0x000000000009fbff] usable
[    0.000000] BIOS-e820: [mem 0x000000000009fc00-0x000000000009ffff] reserved
[    0.000000] BIOS-e820: [mem 0x00000000000f0000-0x00000000000fffff] reserved
[    0.000000] BIOS-e820: [mem 0x0000000000100000-0x00000000dffeffff] usable
[    0.000000] BIOS-e820: [mem 0x00000000dfff0000-0x00000000dfffffff] ACPI data
[    0.000000] BIOS-e820: [mem 0x00000000fec00000-0x00000000fec00fff] reserved
[    0.000000] BIOS-e820: [mem 0x00000000fee00000-0x00000000fee00fff] reserved
[    0.000000] BIOS-e820: [mem 0x00000000fffc0000-0x00000000ffffffff] reserved
[    0.000000] BIOS-e820: [mem 0x0000000100000000-0x000000011fffffff] usable
[    0.000000] NX (Execute Disable) protection: active
[    0.000000] SMBIOS 2.5 present.
[    0.000000] Hypervisor detected: KVM
[    0.000000] e820: last_pfn = 0x120000 max_arch_pfn = 0x400000000
[    0.000000] MTRR: Disabled
[    0.000000] x86/PAT: MTRRs disabled, skipping PAT initialization too.
[    0.000000] CPU MTRRs all blank - virtualized system.
[    0.000000] x86/PAT: Configuration [0-7]: WB  WT  UC- UC  WB  WT  UC- UC  
[    0.000000] e820: last_pfn = 0xdfff0 max_arch_pfn = 0x400000000
[    0.000000] found SMP MP-table at [mem 0x0009fff0-0x0009ffff] mapped at [ffff88000009fff0]
[    0.000000] Scanning 1 areas for low memory corruption
[    0.000000] RAMDISK: [mem 0x3630c000-0x3717dfff]
[    0.000000] ACPI: Early table checksum verification disabled
[    0.000000] ACPI: RSDP 0x00000000000E0000 000024 (v02 VBOX  )
[    0.000000] ACPI: XSDT 0x00000000DFFF0030 00003C (v01 VBOX   VBOXXSDT 00000001 ASL  00000061)
[    0.000000] ACPI: FACP 0x00000000DFFF00F0 0000F4 (v04 VBOX   VBOXFACP 00000001 ASL  00000061)
[    0.000000] ACPI: DSDT 0x00000000DFFF0480 002325 (v02 VBOX   VBOXBIOS 00000002 INTL 20100528)
[    0.000000] ACPI: FACS 0x00000000DFFF0200 000040
[    0.000000] ACPI: FACS 0x00000000DFFF0200 000040
[    0.000000] ACPI: APIC 0x00000000DFFF0240 00006C (v02 VBOX   VBOXAPIC 00000001 ASL  00000061)
[    0.000000] ACPI: SSDT 0x00000000DFFF02B0 0001CC (v01 VBOX   VBOXCPUT 00000002 INTL 20100528)
[    0.000000] No NUMA configuration found
[    0.000000] Faking a node at [mem 0x0000000000000000-0x000000011fffffff]
[    0.000000] NODE_DATA(0) allocated [mem 0x11fff7000-0x11fffbfff]
[    0.000000] kvm-clock: Using msrs 4b564d01 and 4b564d00
[    0.000000] kvm-clock: cpu 0, msr 1:1ffef001, primary cpu clock
[    0.000000] kvm-clock: using sched offset of 3660510431 cycles
[    0.000000] clocksource: kvm-clock: mask: 0xffffffffffffffff max_cycles: 0x1cd42e4dffb, max_idle_ns: 881590591483 ns
[    0.000000] Zone ranges:
[    0.000000]   DMA      [mem 0x0000000000001000-0x0000000000ffffff]
[    0.000000]   DMA32    [mem 0x0000000001000000-0x00000000ffffffff]
[    0.000000]   Normal   [mem 0x0000000100000000-0x000000011fffffff]
[    0.000000]   Device   empty
[    0.000000] Movable zone start for each node
[    0.000000] Early memory node ranges
[    0.000000]   node   0: [mem 0x0000000000001000-0x000000000009efff]
[    0.000000]   node   0: [mem 0x0000000000100000-0x00000000dffeffff]
[    0.000000]   node   0: [mem 0x0000000100000000-0x000000011fffffff]
[    0.000000] Initmem setup node 0 [mem 0x0000000000001000-0x000000011fffffff]
[    0.000000] ACPI: PM-Timer IO Port: 0x4008
[    0.000000] IOAPIC[0]: apic_id 4, version 32, address 0xfec00000, GSI 0-23
[    0.000000] ACPI: INT_SRC_OVR (bus 0 bus_irq 0 global_irq 2 dfl dfl)
[    0.000000] ACPI: INT_SRC_OVR (bus 0 bus_irq 9 global_irq 9 low level)
[    0.000000] Using ACPI (MADT) for SMP configuration information
[    0.000000] smpboot: Allowing 4 CPUs, 0 hotplug CPUs
[    0.000000] PM: Registered nosave memory: [mem 0x00000000-0x00000fff]
[    0.000000] PM: Registered nosave memory: [mem 0x0009f000-0x0009ffff]
[    0.000000] PM: Registered nosave memory: [mem 0x000a0000-0x000effff]
[    0.000000] PM: Registered nosave memory: [mem 0x000f0000-0x000fffff]
[    0.000000] PM: Registered nosave memory: [mem 0xdfff0000-0xdfffffff]
[    0.000000] PM: Registered nosave memory: [mem 0xe0000000-0xfebfffff]
[    0.000000] PM: Registered nosave memory: [mem 0xfec00000-0xfec00fff]
[    0.000000] PM: Registered nosave memory: [mem 0xfec01000-0xfedfffff]
[    0.000000] PM: Registered nosave memory: [mem 0xfee00000-0xfee00fff]
[    0.000000] PM: Registered nosave memory: [mem 0xfee01000-0xfffbffff]
[    0.000000] PM: Registered nosave memory: [mem 0xfffc0000-0xffffffff]
[    0.000000] e820: [mem 0xe0000000-0xfebfffff] available for PCI devices
[    0.000000] Booting paravirtualized kernel on KVM
[    0.000000] clocksource: refined-jiffies: mask: 0xffffffff max_cycles: 0xffffffff, max_idle_ns: 7645519600211568 ns
[    0.000000] setup_percpu: NR_CPUS:512 nr_cpumask_bits:512 nr_cpu_ids:4 nr_node_ids:1
[    0.000000] PERCPU: Embedded 34 pages/cpu @ffff88011fc00000 s99544 r8192 d31528 u524288
[    0.000000] PV qspinlock hash table entries: 256 (order: 0, 4096 bytes)
[    0.000000] Built 1 zonelists in Node order, mobility grouping on.  Total pages: 1032056
[    0.000000] Policy zone: Normal
[    0.000000] Kernel command line: BOOT_IMAGE=/boot/vmlinuz-4.4.0-131-generic root=LABEL=cloudimg-rootfs ro console=tty1 console=ttyS0
[    0.000000] PID hash table entries: 4096 (order: 3, 32768 bytes)
[    0.000000] Memory: 4027964K/4193848K available (8546K kernel code, 1313K rwdata, 4000K rodata, 1516K init, 1316K bss, 165884K reserved, 0K cma-reserved)
[    0.000000] SLUB: HWalign=64, Order=0-3, MinObjects=0, CPUs=4, Nodes=1
[    0.000000] Kernel/User page tables isolation: enabled
[    0.000000] Hierarchical RCU implementation.
[    0.000000] 	Build-time adjustment of leaf fanout to 64.
[    0.000000] 	RCU restricting CPUs from NR_CPUS=512 to nr_cpu_ids=4.
[    0.000000] RCU: Adjusting geometry for rcu_fanout_leaf=64, nr_cpu_ids=4
[    0.000000] NR_IRQS:33024 nr_irqs:456 16
[    0.000000] Console: colour VGA+ 80x25
[    0.000000] console [tty1] enabled
[    0.000000] console [ttyS0] enabled
[    0.000000] tsc: Detected 2592.000 MHz processor
[    0.213364] Calibrating delay loop (skipped) preset value.. 5184.00 BogoMIPS (lpj=10368000)
[    0.214971] pid_max: default: 32768 minimum: 301
[    0.215841] ACPI: Core revision 20150930
[    0.217324] ACPI: 2 ACPI AML tables successfully acquired and loaded
[    0.218551] Security Framework initialized
[    0.219343] Yama: becoming mindful.
[    0.220049] AppArmor: AppArmor initialized
[    0.221913] Dentry cache hash table entries: 524288 (order: 10, 4194304 bytes)
[    0.225355] Inode-cache hash table entries: 262144 (order: 9, 2097152 bytes)
[    0.226895] Mount-cache hash table entries: 8192 (order: 4, 65536 bytes)
[    0.228096] Mountpoint-cache hash table entries: 8192 (order: 4, 65536 bytes)
[    0.230312] Initializing cgroup subsys io
[    0.231096] Initializing cgroup subsys memory
[    0.231922] Initializing cgroup subsys devices
[    0.232785] Initializing cgroup subsys freezer
[    0.233706] Initializing cgroup subsys net_cls
[    0.234539] Initializing cgroup subsys perf_event
[    0.235412] Initializing cgroup subsys net_prio
[    0.236259] Initializing cgroup subsys hugetlb
[    0.237176] Initializing cgroup subsys pids
[    0.238022] CPU: Physical Processor ID: 0
[    0.238792] CPU: Processor Core ID: 0
[    0.251628] mce: CPU supports 0 MCE banks
[    0.252727] Last level iTLB entries: 4KB 64, 2MB 8, 4MB 8
[    0.253960] Last level dTLB entries: 4KB 64, 2MB 0, 4MB 0, 1GB 4
[    0.255524] Spectre V2 : Mitigation: Full generic retpoline
[    0.256602] Spectre V2 : Speculation control IBPB not-supported IBRS not-supported
[    0.257924] Spectre V2 : Filling RSB on context switch
[    0.259068] Speculative Store Bypass: Vulnerable
[    0.262183] Freeing SMP alternatives memory: 32K
[    0.270142] ftrace: allocating 32245 entries in 126 pages
[    0.318074] smpboot: APIC(0) Converting physical 0 to logical package 0
[    0.319683] smpboot: Max logical packages: 1
[    0.320751] x2apic enabled
[    0.321725] Switched APIC routing to physical x2apic.
[    0.323585] ..TIMER: vector=0x30 apic1=0 pin1=2 apic2=-1 pin2=-1
[    0.429273] smpboot: CPU0: Intel(R) Core(TM) i7-9750H CPU @ 2.60GHz (family: 0x6, model: 0x9e, stepping: 0xa)
[    0.431301] Performance Events: unsupported p6 CPU model 158 no PMU driver, software events only.
[    0.433049] KVM setup paravirtual spinlock
[    0.434564] x86: Booting SMP configuration:
[    0.435377] .... node  #0, CPUs:      #1
[    0.436270] kvm-clock: cpu 1, msr 1:1ffef041, secondary cpu clock
[    0.449234] mce: CPU supports 0 MCE banks
[    0.451915]  #2
[    0.452455] kvm-clock: cpu 2, msr 1:1ffef081, secondary cpu clock
[    0.465417] mce: CPU supports 0 MCE banks
[    0.468062]  #3
[    0.468515] kvm-clock: cpu 3, msr 1:1ffef0c1, secondary cpu clock
[    0.481980] mce: CPU supports 0 MCE banks
[    0.484718] x86: Booted up 1 node, 4 CPUs
[    0.485684] smpboot: Total of 4 processors activated (20736.00 BogoMIPS)
[    0.487218] devtmpfs: initialized
[    0.490617] evm: security.selinux
[    0.491394] evm: security.SMACK64
[    0.492067] evm: security.SMACK64EXEC
[    0.492826] evm: security.SMACK64TRANSMUTE
[    0.493659] evm: security.SMACK64MMAP
[    0.494396] evm: security.ima
[    0.495026] evm: security.capability
[    0.495960] clocksource: jiffies: mask: 0xffffffff max_cycles: 0xffffffff, max_idle_ns: 7645041785100000 ns
[    0.498107] futex hash table entries: 1024 (order: 4, 65536 bytes)
[    0.499360] pinctrl core: initialized pinctrl subsystem
[    0.500474] RTC time: 15:36:16, date: 04/20/21
[    0.501641] NET: Registered protocol family 16
[    0.514663] cpuidle: using governor ladder
[    0.527212] cpuidle: using governor menu
[    0.528203] PCCT header not found.
[    0.529211] ACPI: bus type PCI registered
[    0.530201] acpiphp: ACPI Hot Plug PCI Controller Driver version: 0.5
[    0.531848] PCI: Using configuration type 1 for base access
[    0.547285] ACPI: Added _OSI(Module Device)
[    0.548420] ACPI: Added _OSI(Processor Device)
[    0.549444] ACPI: Added _OSI(3.0 _SCP Extensions)
[    0.550601] ACPI: Added _OSI(Processor Aggregator Device)
[    0.552584] ACPI: Executed 1 blocks of module-level executable AML code
[    0.556098] ACPI: Interpreter enabled
[    0.557119] ACPI: (supports S0 S5)
[    0.557936] ACPI: Using IOAPIC for interrupt routing
[    0.559297] PCI: Using host bridge windows from ACPI; if necessary, use "pci=nocrs" and report a bug
[    0.566378] ACPI: PCI Root Bridge [PCI0] (domain 0000 [bus 00-ff])
[    0.567719] acpi PNP0A03:00: _OSC: OS supports [ASPM ClockPM Segments MSI]
[    0.569495] acpi PNP0A03:00: _OSC: not requesting OS control; OS requires [ExtendedConfig ASPM ClockPM MSI]
[    0.572026] acpi PNP0A03:00: fail to add MMCONFIG information, can't access extended PCI configuration space under this bridge.
[    0.583602] PCI host bridge to bus 0000:00
[    0.584545] pci_bus 0000:00: root bus resource [io  0x0000-0x0cf7 window]
[    0.585990] pci_bus 0000:00: root bus resource [io  0x0d00-0xffff window]
[    0.587808] pci_bus 0000:00: root bus resource [mem 0x000a0000-0x000bffff window]
[    0.589793] pci_bus 0000:00: root bus resource [mem 0xe0000000-0xfdffffff window]
[    0.591576] pci_bus 0000:00: root bus resource [bus 00-ff]
[    0.595166] pci 0000:00:01.1: legacy IDE quirk: reg 0x10: [io  0x01f0-0x01f7]
[    0.596635] pci 0000:00:01.1: legacy IDE quirk: reg 0x14: [io  0x03f6]
[    0.598071] pci 0000:00:01.1: legacy IDE quirk: reg 0x18: [io  0x0170-0x0177]
[    0.599598] pci 0000:00:01.1: legacy IDE quirk: reg 0x1c: [io  0x0376]
[    0.636924] pci 0000:00:07.0: quirk: [io  0x4000-0x403f] claimed by PIIX4 ACPI
[    0.638843] pci 0000:00:07.0: quirk: [io  0x4100-0x410f] claimed by PIIX4 SMB
[    0.663259] ACPI: PCI Interrupt Link [LNKA] (IRQs 5 9 10 *11)
[    0.665074] ACPI: PCI Interrupt Link [LNKB] (IRQs 5 9 *10 11)
[    0.666739] ACPI: PCI Interrupt Link [LNKC] (IRQs 5 *9 10 11)
[    0.668619] ACPI: PCI Interrupt Link [LNKD] (IRQs 5 9 10 *11)
[    0.670354] ACPI: Enabled 2 GPEs in block 00 to 07
[    0.671790] vgaarb: setting as boot device: PCI:0000:00:02.0
[    0.673097] vgaarb: device added: PCI:0000:00:02.0,decodes=io+mem,owns=io+mem,locks=none
[    0.674737] vgaarb: loaded
[    0.675342] vgaarb: bridge control possible 0000:00:02.0
[    0.676491] SCSI subsystem initialized
[    0.677403] ACPI: bus type USB registered
[    0.678198] usbcore: registered new interface driver usbfs
[    0.679223] usbcore: registered new interface driver hub
[    0.680201] usbcore: registered new device driver usb
[    0.681406] PCI: Using ACPI for IRQ routing
[    0.682517] NetLabel: Initializing
[    0.683201] NetLabel:  domain hash size = 128
[    0.684026] NetLabel:  protocols = UNLABELED CIPSOv4
[    0.684964] NetLabel:  unlabeled traffic allowed by default
[    0.686122] amd_nb: Cannot enumerate AMD northbridges
[    0.687131] clocksource: Switched to clocksource kvm-clock
[    0.694587] AppArmor: AppArmor Filesystem Enabled
[    0.695555] pnp: PnP ACPI init
[    0.697095] pnp: PnP ACPI: found 3 devices
[    0.707590] clocksource: acpi_pm: mask: 0xffffff max_cycles: 0xffffff, max_idle_ns: 2085701024 ns
[    0.709300] NET: Registered protocol family 2
[    0.710319] TCP established hash table entries: 32768 (order: 6, 262144 bytes)
[    0.711845] TCP bind hash table entries: 32768 (order: 7, 524288 bytes)
[    0.713985] TCP: Hash tables configured (established 32768 bind 32768)
[    0.715218] UDP hash table entries: 2048 (order: 4, 65536 bytes)
[    0.716312] UDP-Lite hash table entries: 2048 (order: 4, 65536 bytes)
[    0.717473] NET: Registered protocol family 1
[    0.718302] pci 0000:00:00.0: Limiting direct PCI/PCI transfers
[    0.719388] pci 0000:00:01.0: Activating ISA DMA hang workarounds
[    0.720599] Unpacking initramfs...
[    0.887472] Freeing initrd memory: 14792K
[    0.888528] PCI-DMA: Using software bounce buffering for IO (SWIOTLB)
[    0.889672] software IO TLB [mem 0xdbff0000-0xdfff0000] (64MB) mapped at [ffff8800dbff0000-ffff8800dffeffff]
[    0.891608] platform rtc_cmos: registered platform RTC device (no PNP device found)
[    0.893282] Scanning for low memory corruption every 60 seconds
[    0.894943] audit: initializing netlink subsys (disabled)
[    0.896307] audit: type=2000 audit(1618932981.974:1): initialized
[    0.897588] Initialise system trusted keyring
[    0.898764] HugeTLB registered 2 MB page size, pre-allocated 0 pages
[    0.901106] zbud: loaded
[    0.902037] VFS: Disk quotas dquot_6.6.0
[    0.902861] VFS: Dquot-cache hash table entries: 512 (order 0, 4096 bytes)
[    0.904352] squashfs: version 4.0 (2009/01/31) Phillip Lougher
[    0.905755] fuse init (API version 7.23)
[    0.906707] Key type big_key registered
[    0.907548] Allocating IMA MOK and blacklist keyrings.
[    0.910081] Key type asymmetric registered
[    0.910905] Asymmetric key parser 'x509' registered
[    0.912072] Block layer SCSI generic (bsg) driver version 0.4 loaded (major 249)
[    0.913631] io scheduler noop registered
[    0.914422] io scheduler deadline registered (default)
[    0.915522] io scheduler cfq registered
[    0.916357] pci_hotplug: PCI Hot Plug PCI Core version: 0.5
[    0.917417] pciehp: PCI Express Hot Plug Controller Driver version: 0.4
[    0.918867] ACPI: AC Adapter [AC] (on-line)
[    0.919886] input: Power Button as /devices/LNXSYSTM:00/LNXPWRBN:00/input/input0
[    0.921459] ACPI: Power Button [PWRF]
[    0.922250] input: Sleep Button as /devices/LNXSYSTM:00/LNXSLPBN:00/input/input1
[    0.923734] ACPI: Sleep Button [SLPF]
[    0.924638] GHES: HEST is not enabled!
[    0.926345] ACPI: Battery Slot [BAT0] (battery present)
[    0.927480] Serial: 8250/16550 driver, 32 ports, IRQ sharing enabled
[    0.949094] 00:02: ttyS0 at I/O 0x3f8 (irq = 4, base_baud = 115200) is a 16550A
[    0.955011] Linux agpgart interface v0.103
[    0.958705] loop: module loaded
[    0.960168] scsi host0: ata_piix
[    0.961204] scsi host1: ata_piix
[    0.961888] ata1: PATA max UDMA/33 cmd 0x1f0 ctl 0x3f6 bmdma 0xd000 irq 14
[    0.963088] ata2: PATA max UDMA/33 cmd 0x170 ctl 0x376 bmdma 0xd008 irq 15
[    0.964514] libphy: Fixed MDIO Bus: probed
[    0.965322] tun: Universal TUN/TAP device driver, 1.6
[    0.966248] tun: (C) 1999-2004 Max Krasnyansky <maxk@qualcomm.com>
[    0.967478] PPP generic driver version 2.4.2
[    0.968713] ehci_hcd: USB 2.0 'Enhanced' Host Controller (EHCI) Driver
[    0.970232] ehci-pci: EHCI PCI platform driver
[    0.971074] ehci-platform: EHCI generic platform driver
[    0.972066] ohci_hcd: USB 1.1 'Open' Host Controller (OHCI) Driver
[    0.973128] ohci-pci: OHCI PCI platform driver
[    0.973945] ohci-platform: OHCI generic platform driver
[    0.974871] uhci_hcd: USB Universal Host Controller Interface driver
[    0.976042] i8042: PNP: PS/2 Controller [PNP0303:PS2K,PNP0f03:PS2M] at 0x60,0x64 irq 1,12
[    0.977963] serio: i8042 KBD port at 0x60,0x64 irq 1
[    0.978851] serio: i8042 AUX port at 0x60,0x64 irq 12
[    0.979957] mousedev: PS/2 mouse device common for all mice
[    0.981258] input: AT Translated Set 2 keyboard as /devices/platform/i8042/serio0/input/input2
[    0.983135] rtc_cmos rtc_cmos: rtc core: registered rtc_cmos as rtc0
[    0.984337] rtc_cmos rtc_cmos: alarms up to one day, 114 bytes nvram
[    0.985786] i2c /dev entries driver
[    0.986512] device-mapper: uevent: version 1.0.3
[    0.987507] device-mapper: ioctl: 4.34.0-ioctl (2015-10-28) initialised: dm-devel@redhat.com
[    0.989124] ledtrig-cpu: registered to indicate activity on CPUs
[    0.990569] NET: Registered protocol family 10
[    0.991750] NET: Registered protocol family 17
[    0.992586] Key type dns_resolver registered
[    0.993801] registered taskstats version 1
[    0.994593] Loading compiled-in X.509 certificates
[    0.995934] Loaded X.509 cert 'Build time autogenerated kernel key: 8f274abdf49cd12572c1533a34d1eafea768213f'
[    0.998106] zswap: loaded using pool lzo/zbud
[    1.000226] Key type trusted registered
[    1.003429] Key type encrypted registered
[    1.004201] AppArmor: AppArmor sha1 policy hashing enabled
[    1.005176] ima: No TPM chip found, activating TPM-bypass!
[    1.006207] ima: Allocated hash algorithm: sha1
[    1.007578] evm: HMAC attrs: 0x1
[    1.008576]   Magic number: 1:662:639
[    1.009744] rtc_cmos rtc_cmos: setting system clock to 2021-04-20 15:36:16 UTC (1618932976)
[    1.011671] BIOS EDD facility v0.16 2004-Jun-25, 0 devices found
[    1.013156] EDD information not available.
[    1.187826] Freeing unused kernel memory: 1516K
[    1.189245] Write protecting the kernel read-only data: 14336k
[    1.191117] Freeing unused kernel memory: 1680K
[    1.192602] Freeing unused kernel memory: 96K
Loading, please wait...
starting version 229
[    1.205285] random: systemd-udevd: uninitialized urandom read (16 bytes read, 3 bits of entropy available)
[    1.205929] random: udevadm: uninitialized urandom read (16 bytes read, 3 bits of entropy available)
[    1.205953] random: udevadm: uninitialized urandom read (16 bytes read, 3 bits of entropy available)
[    1.212514] random: udevadm: uninitialized urandom read (16 bytes read, 3 bits of entropy available)
[    1.212557] random: udevadm: uninitialized urandom read (16 bytes read, 3 bits of entropy available)
[    1.212751] random: udevadm: uninitialized urandom read (16 bytes read, 3 bits of entropy available)
[    1.212798] random: udevadm: uninitialized urandom read (16 bytes read, 3 bits of entropy available)
[    1.212844] random: udevadm: uninitialized urandom read (16 bytes read, 3 bits of entropy available)
[    1.212890] random: udevadm: uninitialized urandom read (16 bytes read, 3 bits of entropy available)
[    1.212934] random: udevadm: uninitialized urandom read (16 bytes read, 3 bits of entropy available)
[    1.248662] e1000: Intel(R) PRO/1000 Network Driver - version 7.3.21-k8-NAPI
[    1.248667] Fusion MPT base driver 3.04.20
[    1.248668] Copyright (c) 1999-2008 LSI Corporation
[    1.252047] e1000: Copyright (c) 1999-2006 Intel Corporation.
[    1.255154] Fusion MPT SPI Host driver 3.04.20
[    1.264982] AVX2 version of gcm_enc/dec engaged.
[    1.266438] AES CTR mode by8 optimization enabled
[    1.477069] input: ImExPS/2 Generic Explorer Mouse as /devices/platform/i8042/serio1/input/input4
[    1.633003] e1000 0000:00:03.0 eth0: (PCI:33MHz:32-bit) 02:54:ad:ea:60:2e
[    1.635304] e1000 0000:00:03.0 eth0: Intel(R) PRO/1000 Network Connection
[    1.887264] tsc: Refined TSC clocksource calibration: 2592.504 MHz
[    1.888888] clocksource: tsc: mask: 0xffffffffffffffff max_cycles: 0x255e92fe52b, max_idle_ns: 440795289001 ns
[    2.006892] e1000 0000:00:08.0 eth1: (PCI:33MHz:32-bit) 08:00:27:53:ba:5f
[    2.008658] e1000 0000:00:08.0 eth1: Intel(R) PRO/1000 Network Connection
[    2.010907] mptbase: ioc0: Initiating bringup
[    2.011756] e1000 0000:00:08.0 enp0s8: renamed from eth1
[    2.036066] e1000 0000:00:03.0 enp0s3: renamed from eth0
[    2.076057] ioc0: LSI53C1030 A0: Capabilities={Initiator}
[    3.317742] scsi host2: ioc0: LSI53C1030 A0, FwRev=00000000h, Ports=1, MaxQ=256, IRQ=20
[    4.468779] scsi 2:0:0:0: Direct-Access     VBOX     HARDDISK         1.0  PQ: 0 ANSI: 5
[    4.471545] scsi target2:0:0: Beginning Domain Validation
[    4.474172] scsi target2:0:0: Domain Validation skipping write tests
[    4.475756] scsi target2:0:0: Ending Domain Validation
[    4.477481] scsi target2:0:0: asynchronous
[    4.479013] scsi 2:0:1:0: Direct-Access     VBOX     HARDDISK         1.0  PQ: 0 ANSI: 5
[    4.481397] scsi target2:0:1: Beginning Domain Validation
[    4.483613] scsi target2:0:1: Domain Validation skipping write tests
[    4.485098] scsi target2:0:1: Ending Domain Validation
[    4.486389] scsi target2:0:1: asynchronous
[    4.493862] sd 2:0:0:0: [sda] 20971520 512-byte logical blocks: (10.7 GB/10.0 GiB)
[    4.493971] sd 2:0:0:0: Attached scsi generic sg0 type 0
[    4.494565] sd 2:0:1:0: Attached scsi generic sg1 type 0
[    4.494769] sd 2:0:1:0: [sdb] 20480 512-byte logical blocks: (10.5 MB/10.0 MiB)
[    4.494894] sd 2:0:1:0: [sdb] Write Protect is off
[    4.494977] sd 2:0:1:0: [sdb] Incomplete mode parameter data
[    4.494978] sd 2:0:1:0: [sdb] Assuming drive cache: write through
[    4.497697] sd 2:0:1:0: [sdb] Attached SCSI disk
[    4.505786] sd 2:0:0:0: [sda] Write Protect is off
[    4.507127] sd 2:0:0:0: [sda] Incomplete mode parameter data
[    4.508454] sd 2:0:0:0: [sda] Assuming drive cache: write through
[    4.511236]  sda: sda1
[    4.512614] sd 2:0:0:0: [sda] Attached SCSI disk
Begin: Loading essential drivers ... [    5.773029] md: linear personality registered for level -1
[    5.776444] md: multipath personality registered for level -4
[    5.779352] md: raid0 personality registered for level 0
[    5.782188] md: raid1 personality registered for level 1
[    5.851434] raid6: sse2x1   gen() 13827 MB/s
[    5.919455] raid6: sse2x1   xor() 10163 MB/s
[    5.987281] raid6: sse2x2   gen() 16513 MB/s
[    6.055327] raid6: sse2x2   xor() 11452 MB/s
[    6.123412] raid6: sse2x4   gen() 18933 MB/s
[    6.191367] raid6: sse2x4   xor() 13009 MB/s
[    6.259355] raid6: avx2x1   gen() 23875 MB/s
[    6.327311] raid6: avx2x2   gen() 29540 MB/s
[    6.395308] raid6: avx2x4   gen() 32112 MB/s
[    6.397119] raid6: using algorithm avx2x4 gen() 32112 MB/s
[    6.398408] raid6: using avx2x2 recovery algorithm
[    6.400689] xor: automatically using best checksumming function:
[    6.439730]    avx       : 27421.000 MB/sec
[    6.442101] async_tx: api initialized (async)
[    6.449624] md: raid6 personality registered for level 6
[    6.450749] md: raid5 personality registered for level 5
[    6.452003] md: raid4 personality registered for level 4
[    6.456618] md: raid10 personality registered for level 10
done.
Begin: Running /scripts/init-premount ... done.
Begin: Mounting root file system ... Begin: Running /scripts/local-top ... done.
Begin: Running /scripts/local-premount ... [    6.479356] Btrfs loaded
Scanning for Btrfs filesystems
done.
Warning: fsck not present, so skipping root file system
[    6.499079] EXT4-fs (sda1): INFO: recovery required on readonly filesystem
[    6.500381] EXT4-fs (sda1): write access will be enabled during recovery
[    6.546939] EXT4-fs (sda1): orphan cleanup on readonly fs
[    6.559284] EXT4-fs (sda1): 25 orphan inodes deleted
[    6.560211] EXT4-fs (sda1): recovery complete
[    6.561718] EXT4-fs (sda1): mounted filesystem with ordered data mode. Opts: (null)
done.
Begin: Running /scripts/local-bottom ... done.
Begin: Running /scripts/init-bottom ... done.
[    6.645772] systemd[1]: systemd 229 running in system mode. (+PAM +AUDIT +SELINUX +IMA +APPARMOR +SMACK +SYSVINIT +UTMP +LIBCRYPTSETUP +GCRYPT +GNUTLS +ACL +XZ -LZ4 +SECCOMP +BLKID +ELFUTILS +KMOD -IDN)
[    6.648993] systemd[1]: Detected virtualization oracle.
[    6.649958] systemd[1]: Detected architecture x86-64.

Welcome to [1mUbuntu 16.04.5 LTS[0m!

[    6.653930] systemd[1]: Set hostname to <expensidev>.
[    6.767752] systemd[1]: Reached target System Time Synchronized.
[[0;32m  OK  [0m] Reached target System Time Synchronized.
[    6.769949] systemd[1]: Listening on Journal Audit Socket.
[[0;32m  OK  [0m] Listening on Journal Audit Socket.
[    6.771786] systemd[1]: Listening on Syslog Socket.
[[0;32m  OK  [0m] Listening on Syslog Socket.
[    7.133649] systemd[1]: Listening on LVM2 metadata daemon socket.
[[0;32m  OK  [0m] Listening on LVM2 metadata daemon socket.
[    7.136031] systemd[1]: Set up automount Arbitrary Executable File Formats File System Automount Point.
[[0;32m  OK  [0m] Set up automount Arbitrary Executab...ats File System Automount Point.
[    7.138966] systemd[1]: Started Trigger resolvconf update for networkd DNS.
[[0;32m  OK  [0m] Started Trigger resolvconf update for networkd DNS.
[    7.206627] systemd[1]: Listening on udev Kernel Socket.
[[0;32m  OK  [0m] Listening on udev Kernel Socket.
[    7.301501] systemd[1]: Listening on /dev/initctl Compatibility Named Pipe.
[[0;32m  OK  [0m] Listening on /dev/initctl Compatibility Named Pipe.
[    7.306252] systemd[1]: Listening on udev Control Socket.
[[0;32m  OK  [0m] Listening on udev Control Socket.
[    7.309164] systemd[1]: Listening on LVM2 poll daemon socket.
[[0;32m  OK  [0m] Listening on LVM2 poll daemon socket.
[    7.312798] systemd[1]: Created slice User and Session Slice.
[[0;32m  OK  [0m] Created slice User and Session Slice.
[    7.315407] systemd[1]: Started Forward Password Requests to Wall Directory Watch.
[[0;32m  OK  [0m] Started Forward Password Requests to Wall Directory Watch.
[    7.318677] systemd[1]: Reached target Encrypted Volumes.
[[0;32m  OK  [0m] Reached target Encrypted Volumes.
[    7.332395] systemd[1]: Reached target Swap.
[[0;32m  OK  [0m] Reached target Swap.
[    7.396135] systemd[1]: Created slice System Slice.
[[0;32m  OK  [0m] Created slice System Slice.
[    7.898460] systemd[1]: Created slice system-serial\x2dgetty.slice.
[[0;32m  OK  [0m] Created slice system-serial\x2dgetty.slice.
[    7.902036] systemd[1]: Listening on Device-mapper event daemon FIFOs.
[[0;32m  OK  [0m] Listening on Device-mapper event daemon FIFOs.
[    7.905591] systemd[1]: Listening on Journal Socket.
[[0;32m  OK  [0m] Listening on Journal Socket.
[    8.151378] systemd[1]: Starting Create list of required static device nodes for the current kernel...
         Starting Create list of required st... nodes for the current kernel...
[    8.167567] systemd[1]: Starting Load Kernel Modules...
         Starting Load Kernel Modules...
[    8.176196] Loading iSCSI transport class v2.0-870.
[    8.176201] systemd[1]: Mounting Huge Pages File System...
         Mounting Huge Pages File System...
[    8.180951] systemd[1]: Starting Set console keymap...
         Starting Set console keymap...
[    8.184212] systemd[1]: Mounting RPC Pipe File System...
         Mounting RPC Pipe File System...
[    8.189796] systemd[1]: Starting Nameserver information manager...
[    8.191769] iscsi: registered transport (tcp)
         Starting Nameserver information manager...
[    8.194704] systemd[1]: Starting Remount Root and Kernel File Systems...
         Starting Remount Root and Kernel File Systems...
[    8.198531] systemd[1]: Starting Monitoring of LVM2 mirrors, snapshots etc. using dmeventd or progress polling...
[    8.200976] EXT4-fs (sda1): re-mounted. Opts: (null)
         Starting Monitoring of LVM2 mirrors... dmeventd or progress polling...
[    8.204180] systemd[1]: Starting Uncomplicated firewall...
         Starting Uncomplicated firewall...
[    8.206856] systemd[1]: Mounting POSIX Message Queue File System...
[    8.207280] RPC: Registered named UNIX socket transport module.
[    8.207281] RPC: Registered udp transport module.
[    8.207281] RPC: Registered tcp transport module.
[    8.207282] RPC: Registered tcp NFSv4.1 backchannel transport module.
         Mounting POSIX Message Queue File System...
[    8.215083] systemd[1]: Listening on Journal Socket (/dev/log).
[[0;32m  OK  [0m] Listening on Journal Socket (/dev/log).
[    8.218305] systemd[1]: Reached target User and Group Name Lookups.
[[0;32m  OK  [0m] Reached target User and Group Name Lookups.
[    8.221869] systemd[1]: Reached target Slices.
[[0;32m  OK  [0m] Reached target Slices.
[    8.224898] systemd[1]: Mounting Debug File System...
         Mounting Debug File System...
[    8.228909] systemd[1]: Starting Journal Service...
         [    8.230338] random: nonblocking pool is initialized
Starting Journal Service...
[    8.232781] systemd[1]: Mounted RPC Pipe File System.
[[0;32m  OK  [0m] Mounted RPC Pipe File System.
[    8.234994] systemd[1]: Mounted Debug File System.
[[0;32m  OK  [0[    8.236493] iscsi: registered transport (iser)
m] Mounted Debug File System.
[    8.237833] systemd[1]: Mounted POSIX Message Queue File System.
[[0;32m  OK  [0m] Mounted POSIX Message Queue File System.
[    8.240073] systemd[1]: Mounted Huge Pages File System.
[[0;32m  OK  [0m] Mounted Huge Pages File System.
[    8.243779] systemd[1]: Started Create list of required static device nodes for the current kernel.
[[0;32m  OK  [0m] Started Create list of required sta...ce nodes for the current kernel.
[    8.248400] systemd[1]: Started Load Kernel Modules.
[[0;32m  OK  [0m] Started Load Kernel Modules.
[    8.250629] systemd[1]: Started Set console keymap.
[[0;32m  OK  [0m] Started Set console keymap.
[    8.253451] systemd[1]: Started Remount Root and Kernel File Systems.
[[0;32m  OK  [0m] Started Remount Root and Kernel File Systems.
[    8.256046] systemd[1]: Started Uncomplicated firewall.
[[0;32m  OK  [0m] Started Uncomplicated firewall.
[    8.258319] systemd[1]: Started Nameserver information manager.
[[0;32m  OK  [0m] Started Nameserver information manager.
[    8.263334] systemd[1]: Started Journal Service.
[[0;32m  OK  [0m] Started Journal Service.
[[0;32m  OK  [0m] Started LVM2 metadata daemon.
         Starting Flush Journal to Persistent Storage...
         Starting udev Coldplug all Devices...
         Starting Load/Save Random Seed...
         Mounting FUSE Control File System...
         Starting Apply Kernel Variables...
         Starting Create Static Device Nodes in /dev...
[[0;32m  OK  [0m] Mounted FUSE Control File System.
[[0;32m  OK  [0m] Started Load/Save Random Seed.
[[0;32m  OK  [0m] Started Apply Kernel Variables.
[[0;32m  OK  [0m] Started Create Static Device Nodes in /dev.
[[0;32m  OK  [0m] Started Flush Journal to Persistent Storage.
[[0;32m  OK  [0m] Started udev Coldplug all Devices.
         Starting udev Kernel Device Manager...
[[0;32m  OK  [0m] Started udev Kernel Device Manager.
[[0;32m  OK  [0m] Started Dispatch Password Requests to Console Directory Watch.
[[0;32m  OK  [0m] Found device /dev/ttyS0.
[[0;32m  OK  [0m] Listening on Load/Save RF Kill Switch Status /dev/rfkill Watch.
[[0;32m  OK  [0m] Found device 82540EM Gigabit Ethern...r (PRO/1000 MT Desktop Adapter).
[[0;32m  OK  [0m] Started Monitoring of LVM2 mirrors,...ng dmeventd or progress polling.
[[0;32m  OK  [0m] Found device 82540EM Gigabit Ethern...r (PRO/1000 MT Desktop Adapter).
[[0;32m  OK  [0m] Reached target Local File Systems (Pre).
[[0;32m  OK  [0m] Reached target Local File Systems.
         Starting Tell Plymouth To Write Out Runtime Data...
         Starting LSB: AppArmor initialization...
         Starting Create Volatile Files and Directories...
         Starting Initial cloud-init job (pre-networking)...
         Starting Preprocess NFS configuration...
         Starting Set console font and keymap...
[[0;32m  OK  [0m] Started Preprocess NFS configuration.
[[0;32m  OK  [0m] Started Tell Plymouth To Write Out Runtime Data.
[[0;32m  OK  [0m] Reached target NFS client services.
[[0;32m  OK  [0m] Started Create Volatile Files and Directories.
         Starting Update UTMP about System Boot/Shutdown...
[[0;32m  OK  [0m] Started LSB: AppArmor initialization.
[[0;32m  OK  [0m] Started Update UTMP about System Boot/Shutdown.
[[0;32m  OK  [0m] Started Set console font and keymap.
[[0;32m  OK  [0m] Created slice system-getty.slice.
[    9.166922] cloud-init[666]: Cloud-init v. 18.3-9-g2e62cb8a-0ubuntu1~16.04.2 running 'init-local' at Tue, 20 Apr 2021 15:36:24 +0000. Up 8.97 seconds.
[[0;32m  OK  [0m] Started Initial cloud-init job (pre-networking).
[[0;32m  OK  [0m] Reached target Network (Pre).
[[0;32m  OK  [0m] Started ifup for enp0s3.
         Starting Raise network interfaces...
[[0;32m  OK  [0m] Started ifup for enp0s8.
[[0;32m  OK  [0m] Started Raise network interfaces.
[[0;32m  OK  [0m] Reached target Network.
         Starting Initial cloud-init job (metadata service crawler)...
[    9.821970] cloud-init[1098]: Cloud-init v. 18.3-9-g2e62cb8a-0ubuntu1~16.04.2 running 'init' at Tue, 20 Apr 2021 15:36:25 +0000. Up 9.55 seconds.
[    9.824370] cloud-init[1098]: ci-info: ++++++++++++++++++++++++++++++++++++++Net device info+++++++++++++++++++++++++++++++++++++++
[    9.826455] cloud-init[1098]: ci-info: +--------+------+-----------------------------+---------------+--------+-------------------+
[    9.828777] cloud-init[1098]: ci-info: | Device |  Up  |           Address           |      Mask     | Scope  |     Hw-Address    |
[    9.830977] cloud-init[1098]: ci-info: +--------+------+-----------------------------+---------------+--------+-------------------+
[    9.833349] cloud-init[1098]: ci-info: | enp0s3 | True |          10.0.2.15          | 255.255.255.0 | global | 02:54:ad:ea:60:2e |
[    9.835783] cloud-init[1098]: ci-info: | enp0s3 | True |  fe80::54:adff:feea:602e/64 |       .       |  link  | 02:54:ad:ea:60:2e |
[    9.838285] cloud-init[1098]: ci-info: | enp0s8 | True |           10.2.2.2          | 255.255.255.0 | global | 08:00:27:53:ba:5f |
[    9.840673] cloud-init[1098]: ci-info: | enp0s8 | True | fe80::a00:27ff:fe53:ba5f/64 |       .       |  link  | 08:00:27:53:ba:5f |
[    9.843294] cloud-init[1098]: ci-info: |   lo   | True |          127.0.0.1          |   255.0.0.0   |  host  |         .         |
[    9.845590] cloud-init[1098]: ci-info: |   lo   | True |           ::1/128           |       .       |  host  |         .         |
[    9.848076] cloud-init[1098]: ci-info: +--------+------+-----------------------------+---------------+--------+-------------------+
[    9.856353] cloud-init[1098]: ci-info: +++++++++++++++++++++++++++Route IPv4 info++++++++++++++++++++++++++++
[    9.856526] [cloud-init[0;32m  OK  [0m[1098]: ] ci-info: +-------+-------------+----------+---------------+-----------+-------+Started Initial cloud-init job (metadata service crawler).

[    9.856627] cloud-init[1098]: ci-info: | Route | Destination | Gateway  |    Genmask    | Interface | Flags |
[    9.862785] cloud-init[1098]: ci-info: +-------+-------------+----------+---------------+-----------+-------+
[    9.864870] cloud-init[1098]: ci-info: |   0   |   0.0.0.0   | 10.0.2.2 |    0.0.0.0    |   enp0s3  |   UG  |
[    9.866883] cloud-init[1098]: ci-info: |   1   |   10.0.2.0  | 0.0.0.0  | 255.255.255.0 |   enp0s3  |   U   |
[    9.867078] cloud-init[1098]: ci-info: |   2   |   10.2.2.0  | 0.0.0.0  | 255.255.255.0 |   enp0s8  |   U   |
[[0;32m  OK  [0m] Reached target System Initialization.
[[    9.867453] [0;32m  OK  [0mcloud-init] [1098]: Listening on D-Bus System Message Bus Socket.ci-info: +-------+-------------+----------+---------------+-----------+-------+

[[0;32m  OK  [0m[    9.879996] cloud-init[1098]: ci-info: +++++++++++++++++++Route IPv6 info+++++++++++++++++++
[    9.880565] cloud-init[1098]: ci-info: +-------+-------------+---------+-----------+-------+
] Listening on RPCbind Server Activation Socket.
[    9.880689] cloud-init[1098]: ci-info: | Route | Destination | Gateway | Interface | Flags |
[    9.885040] cloud-init[1098]: ci-info: +-------+-------------+---------+-----------+-------+
[    9.886631] cloud-init[1098]: ci-info: |   0   |  fe80::/64  |    ::   |   enp0s8  |   U   |
[    9.887937] cloud-init[1098]: ci-info: |   1   |  fe80::/64  |    ::   |   enp0s3  |   U   |
[    9.889304] cloud-init[1098]: ci-info: |   4   |   ff00::/8  |    ::   |   enp0s8  |   U   |
[    9.891026] cloud-init[1098]: ci-info: |   5   |   ff00::/8  |    ::   |   enp0s3  |   U   |
[    9.892581] cloud-init[1098]: ci-info: +-------+-------------+---------+-----------+-------+
         Starting RPC bind portmap service...
[[0;32m  OK  [0m] Started Daily Cleanup of Temporary Directories.
[[0;32m  OK  [0m] Started Daily apt download activities.
         Starting LXD - unix socket.
[[0;32m  OK  [0m] Started ACPI Events Check.
[[0;32m  OK  [0m] Reached target Paths.
[[0;32m  OK  [0m] Listening on UUID daemon activation socket.
         Starting Socket activation for snappy daemon.
[[0;32m  OK  [0m] Started Clean PHP session files every 30 mins.
[[0;32m  OK  [0m] Listening on ACPID Listen Socket.
[[0;32m  OK  [0m] Started Daily apt upgrade and clean activities.
[[0;32m  OK  [0m] Reached target Timers.
[[0;32m  OK  [0m] Reached target Cloud-config availability.
[[0;32m  OK  [0m] Reached target Network is Online.
         Starting iSCSI initiator daemon (iscsid)...
[[0;32m  OK  [0m] Started RPC bind portmap service.
[[0;32m  OK  [0m] Listening on LXD - unix socket.
[[0;32m  OK  [0m] Listening on Socket activation for snappy daemon.
[[0;32m  OK  [0m] Started iSCSI initiator daemon (iscsid).
         Starting Login to default iSCSI targets...
[[0;32m  OK  [0m] Reached target Sockets.
[[0;32m  OK  [0m] Reached target Basic System.
         Starting LSB: Record successful boot for GRUB...
[[0;32m  OK  [0m] Started Regular background program processing daemon.
         Starting LSB: MD monitoring daemon...
         Starting MySQL Community Server...
         Starting Accounts Service...
[[0;32m  OK  [0m] Started ClamAV virus database updater.
         Starting Login Service...
[[0;32m  OK  [0m] Started D-Bus System Message Bus.
         Starting /etc/rc.local Compatibility...
         Starting Clam AntiVirus userspace daemon...
         Starting Snappy daemon...
         Starting Virtualbox guest utils...
         Starting Daily apt upgrade and clean activities...
[[0;32m  OK  [0m] Started Unattended Upgrades Shutdown.
[[0;32m  OK  [0m] Started FUSE filesystem for LXC.
         Starting OpenBSD Secure Shell server...
         Starting The PHP 7.4 FastCGI Process Manager...
[[0;32m  OK  [0m] Started Deferred execution scheduler.
         Starting Clean php session files...
         Starting System Logging Service...
[[0;32m  OK  [0m] Started ACPI event daemon.
         Starting LXD - container startup/shutdown...
[[0;32m  OK  [0m] Reached target RPC Port Mapper.
[[0;32m  OK  [0m] Started /etc/rc.local Compatibility.
[[0;32m  OK  [0m] Started Clam AntiVirus userspace daemon.
[[0;32m  OK  [0m] Started OpenBSD Secure Shell server.
[[0;32m  OK  [0m] Started System Logging Service.
[[0;32m  OK  [0m] Started LSB: Record successful boot for GRUB.
[[0;32m  OK  [0m] Started Login to default iSCSI targets.
[[0;32m  OK  [0m] Started LSB: MD monitoring daemon.
[[0;32m  OK  [0m] Started Login Service.
         Starting Authenticate and Authorize Users to Run Privileged Tasks...
[[0;32m  OK  [0m] Reached target Remote File Systems (Pre).
[[0;32m  OK  [0m] Reached target Remote File Systems.
         Starting Permit User Sessions...
         Starting LSB: Controls chronyd NTP time daemon...
         Starting LSB: Set the CPU Frequency Scaling governor to "ondemand"...
         Starting LSB: automatic crash report generation...
         Starting nginx - high performance web server...
         Starting LSB: daemon to balance interrupts for SMP systems...
[[0;32m  OK  [0m] Started LXD - container startup/shutdown.
[[0;32m  OK  [0m] Started Permit User Sessions.
[[0;1;31mFAILED[0m] Failed to start nginx - high performance web server.
See 'systemctl status nginx.service' for details.
[[0;32m  OK  [0m] Started Virtualbox guest utils.
[[0;32m  OK  [0m] Started Authenticate and Authorize Users to Run Privileged Tasks.
[[0;32m  OK  [0m] Started Accounts Service.
         Starting Hold until boot process finishes up...
         Starting Terminate Plymouth Boot Screen...
[[0;32m  OK  [0m] Started Snappy daemon.
[[0;32m  OK  [0m] Started Hold until boot process finishes up.
[[0;32m  OK  [0m] Started Terminate Plymouth Boot Screen.
[[0;32m  OK  [0m] Started LSB: automatic crash report generation.
[[0;32m  OK  [0m] Started LSB: daemon to balance interrupts for SMP systems.
[[0;32m  OK  [0m] Started LSB: Set the CPU Frequency Scaling governor to "ondemand".
[[0;32m  OK  [0m] Started Getty on tty1.
[[0;32m  OK  [0m] Started Serial Getty on ttyS0.
[[0;32m  OK  [0m] Reached target Login Prompts.
         Starting Set console scheme...
         Starting Wait until snapd is fully seeded...
[[0;32m  OK  [0m] Started Set console scheme.
[[0;32m  OK  [0m] Started Wait until snapd is fully seeded.
         Starting Apply the settings specified in cloud-config...
[[0;32m  OK  [0m] Started Clean php session files.
[   11.210868] cloud-init[1427]: Cloud-init v. 18.3-9-g2e62cb8a-0ubuntu1~16.04.2 running 'modules:config' at Tue, 20 Apr 2021 15:36:29 +0000. Up 11.08 seconds.
[[0;32m  OK  [0m] Started Apply the settings specified in cloud-config.
[[0;32m  OK  [0m] Started The PHP 7.4 FastCGI Process Manager.
[[0;32m  OK  [0m] Created slice User Slice of vagrant.
         Starting User Manager for UID 1000...
[[0;32m  OK  [0m] Started Session 1 of user vagrant.
[[0;32m  OK  [0m] Started User Manager for UID 1000.
[[0;32m  OK  [0m] Started MySQL Community Server.

Ubuntu 16.04.5 LTS expensidev ttyS0

expensidev login: [   19.982159] cloud-init[2094]: Cloud-init v. 18.3-9-g2e62cb8a-0ubuntu1~16.04.2 running 'modules:final' at Tue, 20 Apr 2021 15:36:37 +0000. Up 19.86 seconds.
[   19.982353] cloud-init[2094]: Cloud-init v. 18.3-9-g2e62cb8a-0ubuntu1~16.04.2 finished at Tue, 20 Apr 2021 15:36:37 +0000. Datasource DataSourceNoCloud [seed=/dev/sdb][dsmode=net].  Up 19.97 seconds
[[0;32m  OK  [0m] Started ACPI event daemon.
[[0;32m  OK  [0m] Stopped Expensify Bedrock Server.
         Starting Expensify Bedrock Server...
[[0;32m  OK  [0m] Started Expensify Bedrock Server.
[[0;32m  OK  [0m] Stopped Expensify Auth on Bedrock Server.
         Starting Expensify Auth on Bedrock Server...
[[0;32m  OK  [0m] Started Expensify Auth on Bedrock Server.
[[0;32m  OK  [0m] Stopped nginx - high performance web server.
         Starting nginx - high performance web server...
[[0;32m  OK  [0m] Started nginx - high performance web server.
         Stopping MySQL Community Server...
[[0;32m  OK  [0m] Stopped MySQL Community Server.
         Starting MySQL Community Server...
[[0;32m  OK  [0m] Started MySQL Community Server.
         Stopping User Manager for UID 1000...
[[0;32m  OK  [0m] Stopped User Manager for UID 1000.
[[0;32m  OK  [0m] Removed slice User Slice of vagrant.
[[0;32m  OK  [0m] Created slice User Slice of vagrant.
         Starting User Manager for UID 1000...
[[0;32m  OK  [0m] Started Session 2 of user vagrant.
[[0;32m  OK  [0m] Started User Manager for UID 1000.
         Stopping User Manager for UID 1000...
[[0;32m  OK  [0m] Stopped User Manager for UID 1000.
[[0;32m  OK  [0m] Removed slice User Slice of vagrant.
[[0;32m  OK  [0m] Created slice User Slice of vagrant.
         Starting User Manager for UID 1000...
[[0;32m  OK  [0m] Started Session 3 of user vagrant.
[[0;32m  OK  [0m] Started User Manager for UID 1000.
         Starting Clean php session files...
[[0;32m  OK  [0m] Started Clean php session files.
[[0;32m  OK  [0m] Started ACPI event daemon.
[[0;32m  OK  [0m] Started ACPI event daemon.
[[0;32m  OK  [0m] Started ACPI event daemon.
[  OK  ] Started ACPI event daemon.
[  OK  ] Started Trigger resolvconf update for networkd DNS.
[  OK  ] Started ACPI event daemon.
[  OK  ] Started ACPI event daemon.
[  OK  ] Started ACPI event daemon.
[  OK  ] Started ACPI event daemon.
[  OK  ] Started ACPI event daemon.
         Stopping LSB: Record successful boot for GRUB...
[  OK  ] Stopped LSB: Record successful boot for GRUB.
[  OK  ] Started ACPI event daemon.
[  OK  ] Started ACPI event daemon.
[  OK  ] Started ACPI event daemon.
[  OK  ] Started ACPI event daemon.
[  OK  ] Stopped Auto import assertions from block devices.
[  OK  ] Stopped Automatically repair incorr...ner/permissions on core devices.
[  OK  ] Stopped Wait until snapd is fully seeded.
         Stopping Snappy daemon...
[  OK  ] Stopped Automatically fetch and run repair assertions.
[  OK  ] Stopped Snappy daemon.
[  OK  ] Stopped Timer to automatically fetch and run repair assertions.
[  OK  ] Closed Socket activation for snappy daemon.
[  OK  ] Stopped Ubuntu core (all-snaps) system shutdown helper setup service.
[  OK  ] Started ACPI event daemon.
[  OK  ] Started ACPI event daemon.
         Stopping Accounts Service...
[  OK  ] Stopped Accounts Service.
[  OK  ] Started ACPI event daemon.
[  OK  ] Closed Unix socket for apport crash forwarding.
[  OK  ] Started ACPI event daemon.
         Stopping LSB: automatic crash report generation...
[  OK  ] Stopped LSB: automatic crash report generation.
[  OK  ] Started ACPI event daemon.
[  OK  ] Started ACPI event daemon.
[  OK  ] Started ACPI event daemon.
[  OK  ] Started ACPI event daemon.
[  OK  ] Started ACPI event daemon.
         Stopping Unattended Upgrades Shutdown...
[  OK  ] Stopped Unattended Upgrades Shutdown.
[  OK  ] Started ACPI event daemon.
[  OK  ] Started ACPI event daemon.
[  OK  ] Started ACPI event daemon.
[  OK  ] Started ACPI event daemon.
[  OK  ] Stopped target Sockets.
         Stopping Sockets.
         Starting Socket activation for snappy daemon.
[  OK  ] Listening on Socket activation for snappy daemon.
[  OK  ] Reached target Sockets.
[  OK  ] Started ACPI event daemon.
[  OK  ] Started ACPI event daemon.
         Stopping udev Kernel Device Manager...
[  OK  ] Stopped udev Kernel Device Manager.
         Starting udev Kernel Device Manager...
[  OK  ] Started udev Kernel Device Manager.
[  OK  ] Started ACPI event daemon.
[  OK  ] Started ACPI event daemon.
[  OK  ] Started ACPI event daemon.
         Starting LSB: Record successful boot for GRUB...
[  OK  ] Started LSB: Record successful boot for GRUB.
[  OK  ] Started ACPI event daemon.
[  OK  ] Started ACPI event daemon.
[  OK  ] Started ACPI event daemon.
         Stopping OpenBSD Secure Shell server...
[  OK  ] Stopped OpenBSD Secure Shell server.
         Starting OpenBSD Secure Shell server...
[  OK  ] Started OpenBSD Secure Shell server.
[  OK  ] Started ACPI event daemon.
[  OK  ] Started ACPI event daemon.
[  OK  ] Started ACPI event daemon.
         Starting Load AppArmor profiles managed internally by snapd...
[  OK  ] Started Load AppArmor profiles managed internally by snapd.
         Starting Wait until snapd is fully seeded...
         Starting Snap Daemon...
[  OK  ] Started Snap Daemon.
[  OK  ] Started Wait until snapd is fully seeded.
[  OK  ] Started Snap Daemon.
[  OK  ] Listening on Socket activation for snappy daemon.
[  OK  ] Started ACPI event daemon.
         Starting Accounts Service...
[  OK  ] Started Accounts Service.
[  OK  ] Started ACPI event daemon.
[  OK  ] Started ACPI event daemon.
[  OK  ] Started ACPI event daemon.
[  OK  ] Started ACPI event daemon.
         Starting LSB: automatic crash report generation...
[  OK  ] Started LSB: automatic crash report generation.
[  OK  ] Started ACPI event daemon.
[  OK  ] Started ACPI event daemon.
[  OK  ] Started ACPI event daemon.
         Stopping Authenticate and Authorize Users to Run Privileged Tasks...
[  OK  ] Stopped Authenticate and Authorize Users to Run Privileged Tasks.
         Starting Authenticate and Authorize Users to Run Privileged Tasks...
[  OK  ] Started Authenticate and Authorize Users to Run Privileged Tasks.
[  OK  ] Started ACPI event daemon.
[  OK  ] Started ACPI event daemon.
[  OK  ] Started ACPI event daemon.
[  OK  ] Started Unattended Upgrades Shutdown.
[  OK  ] Started ACPI event daemon.
[  OK  ] Started ACPI event daemon.
[  OK  ] Started Daily apt upgrade and clean activities.
[  OK  ] Started Daily apt download activities.
